[validthemes.net/site-template/agrul/index.html]
[backblue.gif]
[fade.gif]
[index.html]
[validthemes.net/site-template/agrul/assets/img/favicon.png]
[validthemes.net/site-template/agrul/assets/css/bootstrap.min.css]
[validthemes.net/site-template/agrul/assets/css/themify-icons.css]
[validthemes.net/site-template/agrul/assets/css/font-awesome.min.css]
[validthemes.net/site-template/agrul/assets/css/elegant-icons.css]
[validthemes.net/site-template/agrul/assets/css/flaticon-set.css]
[validthemes.net/site-template/agrul/assets/css/magnific-popup.css]
[validthemes.net/site-template/agrul/assets/css/swiper-bundle.min.css]
[validthemes.net/site-template/agrul/assets/css/animate.css]
[validthemes.net/site-template/agrul/assets/css/validnavs.css]
[validthemes.net/site-template/agrul/assets/css/helper.css]
[validthemes.net/site-template/agrul/assets/css/shop.css]
[validthemes.net/site-template/agrul/assets/css/style.css]
[validthemes.net/site-template/agrul/assets/css/unit-test.css]
[validthemes.net/site-template/agrul/style.css]
[validthemes.net/site-template/agrul/assets/img/logo.png]
[validthemes.net/site-template/agrul/index-3.html]
[validthemes.net/site-template/agrul/index-2.html]
[validthemes.net/site-template/agrul/about-us.html]
[validthemes.net/site-template/agrul/team.html]
[validthemes.net/site-template/agrul/team-details.html]
[validthemes.net/site-template/agrul/contact-us.html]
[validthemes.net/site-template/agrul/faq.html]
[validthemes.net/site-template/agrul/404.html]
[validthemes.net/site-template/agrul/project.html]
[validthemes.net/site-template/agrul/project-details.html]
[validthemes.net/site-template/agrul/services.html]
[validthemes.net/site-template/agrul/services-2.html]
[validthemes.net/site-template/agrul/services-details.html]
[validthemes.net/site-template/agrul/blog-standard.html]
[validthemes.net/site-template/agrul/blog-with-sidebar.html]
[validthemes.net/site-template/agrul/blog-2-colum.html]
[validthemes.net/site-template/agrul/blog-3-colum.html]
[validthemes.net/site-template/agrul/blog-single.html]
[validthemes.net/site-template/agrul/blog-single-with-sidebar.html]
[validthemes.net/site-template/agrul/shop.html]
[validthemes.net/site-template/agrul/shop-single.html]
[validthemes.net/site-template/agrul/shop-single-thumb-only.html]
[validthemes.net/site-template/agrul/assets/img/banner/17.jpg]
[validthemes.net/site-template/agrul/assets/img/banner/2.jpg]
[validthemes.net/site-template/agrul/assets/img/shape/leaf.png]
[validthemes.net/site-template/agrul/assets/img/about/5.jpg]
[validthemes.net/site-template/agrul/assets/img/about/1.jpg]
[validthemes.net/site-template/agrul/assets/img/icon/1.svg]
[validthemes.net/site-template/agrul/assets/img/icon/2.svg]
[validthemes.net/site-template/agrul/assets/img/shape/18.png]
[validthemes.net/site-template/agrul/assets/img/thumb/1.png]
[validthemes.net/site-template/agrul/assets/img/thumb/2.png]
[validthemes.net/site-template/agrul/assets/img/thumb/3.png]
[validthemes.net/site-template/agrul/assets/img/thumb/4.png]
[validthemes.net/site-template/agrul/assets/img/thumb/6.png]
[validthemes.net/site-template/agrul/assets/img/shape/21.png]
[validthemes.net/site-template/agrul/assets/img/banner/3.jpg]
[validthemes.net/site-template/agrul/assets/img/icon/1.png]
[validthemes.net/site-template/agrul/assets/img/icon/2.png]
[validthemes.net/site-template/agrul/assets/img/icon/3.png]
[validthemes.net/site-template/agrul/assets/img/icon/4.png]
[validthemes.net/site-template/agrul/assets/img/icon/5.png]
[validthemes.net/site-template/agrul/assets/img/icon/6.png]
[validthemes.net/site-template/agrul/assets/img/shape/22.png]
[validthemes.net/site-template/agrul/assets/img/shape/23.png]
[validthemes.net/site-template/agrul/assets/img/farmers/1.jpg]
[validthemes.net/site-template/agrul/assets/img/farmers/4.jpg]
[validthemes.net/site-template/agrul/assets/img/farmers/2.jpg]
[validthemes.net/site-template/agrul/assets/img/farmers/3.jpg]
[validthemes.net/site-template/agrul/assets/img/gallery/2.jpg]
[validthemes.net/site-template/agrul/assets/img/gallery/7.jpg]
[validthemes.net/site-template/agrul/assets/img/gallery/3.jpg]
[validthemes.net/site-template/agrul/assets/img/gallery/5.jpg]
[validthemes.net/site-template/agrul/assets/img/gallery/10.jpg]
[validthemes.net/site-template/agrul/assets/img/shape/27.png]
[validthemes.net/site-template/agrul/assets/img/shape/26.png]
[validthemes.net/site-template/agrul/assets/img/shape/28.png]
[validthemes.net/site-template/agrul/assets/img/blog/v1.jpg]
[validthemes.net/site-template/agrul/assets/img/blog/v2.jpg]
[validthemes.net/site-template/agrul/assets/img/blog/v3.jpg]
[validthemes.net/site-template/agrul/assets/img/shape/brush-down.png]
[validthemes.net/site-template/agrul/assets/img/logo-light.png]
[validthemes.net/site-template/agrul/assets/img/thumbs/3.jpg]
[validthemes.net/site-template/agrul/assets/img/thumbs/5.jpg]
[validthemes.net/site-template/agrul/assets/img/shape/10.png]
[validthemes.net/site-template/agrul/assets/img/shape/11.png]
[validthemes.net/site-template/agrul/assets/js/jquery-3.6.0.min.js]
[validthemes.net/site-template/agrul/assets/js/bootstrap.bundle.min.js]
[validthemes.net/site-template/agrul/assets/js/jquery.appear.js]
[validthemes.net/site-template/agrul/assets/js/jquery.easing.min.js]
[validthemes.net/site-template/agrul/assets/js/jquery.magnific-popup.min.js]
[validthemes.net/site-template/agrul/assets/js/modernizr.custom.13711.js]
[validthemes.net/site-template/agrul/assets/js/swiper-bundle.min.js]
[validthemes.net/site-template/agrul/assets/js/wow.min.js]
[validthemes.net/site-template/agrul/assets/js/progress-bar.min.js]
[validthemes.net/site-template/agrul/assets/js/circle-progress.js]
[validthemes.net/site-template/agrul/assets/js/isotope.pkgd.min.js]
[validthemes.net/site-template/agrul/assets/js/imagesloaded.pkgd.min.js]
[validthemes.net/site-template/agrul/assets/js/jquery.nice-select.min.js]
[validthemes.net/site-template/agrul/assets/js/count-to.js]
[validthemes.net/site-template/agrul/assets/js/jquery.scrolla.min.js]
[validthemes.net/site-template/agrul/assets/js/YTPlayer.min.js]
[validthemes.net/site-template/agrul/assets/js/TweenMax.min.js]
[validthemes.net/site-template/agrul/assets/js/loopcounter.js]
[validthemes.net/site-template/agrul/assets/js/validnavs.js]
[validthemes.net/site-template/agrul/index.html]
[validthemes.net/site-template/agrul/assets/css/bootstrap.min.css]
[validthemes.net/site-template/agrul/assets/js/main.js]
[validthemes.net/site-template/agrul/assets/fonts/fa-brands-400.eot]
[validthemes.net/site-template/agrul/assets/fonts/fa-brands-400d41d.eot]
[validthemes.net/site-template/agrul/assets/fonts/fa-brands-400.woff2]
[validthemes.net/site-template/agrul/assets/fonts/fa-brands-400.woff]
[validthemes.net/site-template/agrul/assets/fonts/fa-brands-400.6b.delayed]
[validthemes.net/site-template/agrul/assets/fonts/fa-brands-400.svg]
[validthemes.net/site-template/agrul/assets/fonts/fa-duotone-900.eot]
[validthemes.net/site-template/agrul/assets/fonts/fa-duotone-900d41d.eot]
[validthemes.net/site-template/agrul/assets/fonts/fa-duotone-900.woff2]
[validthemes.net/site-template/agrul/assets/fonts/fa-duotone-900.woff]
[validthemes.net/site-template/agrul/assets/fonts/fa-duotone-900.ttf]
[validthemes.net/site-template/agrul/assets/fonts/fa-duotone-900.svg]
[validthemes.net/site-template/agrul/assets/fonts/fa-light-300.eot]
[validthemes.net/site-template/agrul/assets/fonts/fa-light-300d41d.eot]
[validthemes.net/site-template/agrul/assets/fonts/fa-light-300.woff2]
[validthemes.net/site-template/agrul/assets/fonts/fa-light-300.woff]
[validthemes.net/site-template/agrul/assets/fonts/fa-light-300.77.delayed]
[validthemes.net/site-template/agrul/assets/fonts/fa-light-300.svg]
[validthemes.net/site-template/agrul/assets/fonts/fa-regular-400.eot]
[validthemes.net/site-template/agrul/assets/fonts/fa-regular-400d41d.eot]
[validthemes.net/site-template/agrul/assets/fonts/fa-regular-400.woff2]
[validthemes.net/site-template/agrul/assets/fonts/fa-regular-400.woff]
[validthemes.net/site-template/agrul/assets/fonts/fa-regular-400.ttf]
[validthemes.net/site-template/agrul/assets/fonts/fa-regular-400.svg]
[validthemes.net/site-template/agrul/assets/fonts/fa-solid-900.eot]
[validthemes.net/site-template/agrul/assets/fonts/fa-solid-900d41d.eot]
[validthemes.net/site-template/agrul/assets/fonts/fa-solid-900.woff2]
[validthemes.net/site-template/agrul/assets/fonts/fa-solid-900.woff]
[validthemes.net/site-template/agrul/assets/fonts/fa-solid-900.ttf]
[validthemes.net/site-template/agrul/assets/fonts/fa-solid-900.svg]
[validthemes.net/site-template/agrul/assets/css/font-awesome.min.css]
[validthemes.net/site-template/agrul/assets/fonts/themify9f24.eot]
[validthemes.net/site-template/agrul/assets/fonts/themifyd41d.eot]
[validthemes.net/site-template/agrul/assets/fonts/themify9f24.woff]
[validthemes.net/site-template/agrul/assets/fonts/themify9f24.ttf]
[validthemes.net/site-template/agrul/assets/fonts/themify9f24.svg]
[validthemes.net/site-template/agrul/assets/css/themify-icons.css]
[validthemes.net/site-template/agrul/assets/fonts/ElegantIcons.eot]
[validthemes.net/site-template/agrul/assets/fonts/ElegantIconsd41d.eot]
[validthemes.net/site-template/agrul/assets/fonts/ElegantIcons.woff]
[validthemes.net/site-template/agrul/assets/fonts/ElegantIcons.ttf]
[validthemes.net/site-template/agrul/assets/css/ElegantIcons.svg]
[validthemes.net/site-template/agrul/assets/css/elegant-icons.css]
[validthemes.net/site-template/agrul/assets/fonts/ElegantIcons.svg]
[validthemes.net/site-template/agrul/assets/fonts/flaticon.eot]
[validthemes.net/site-template/agrul/assets/fonts/flaticon.woff]
[validthemes.net/site-template/agrul/assets/fonts/flaticond41d.eot]
[validthemes.net/site-template/agrul/assets/fonts/flaticon.ttf]
[validthemes.net/site-template/agrul/assets/css/flaticon.95.delayed]
[validthemes.net/site-template/agrul/assets/css/flaticon-set.css]
[validthemes.net/site-template/agrul/assets/css/magnific-popup.css]
[validthemes.net/site-template/agrul/assets/css/swiper-bundle.min.css]
[validthemes.net/site-template/agrul/assets/css/animate.css]
[validthemes.net/site-template/agrul/assets/css/validnavs.css]
[validthemes.net/site-template/agrul/assets/css/helper.css]
[validthemes.net/site-template/agrul/assets/css/shop.css]
[validthemes.net/site-template/agrul/assets/img/shape/1.png]
[validthemes.net/site-template/agrul/assets/img/shape/6.png]
[validthemes.net/site-template/agrul/assets/img/shape/8.png]
[validthemes.net/site-template/agrul/assets/img/shape/15.png]
[validthemes.net/site-template/agrul/assets/img/shape/37.png]
[validthemes.net/site-template/agrul/assets/img/shape/quote-2.png]
[validthemes.net/site-template/agrul/assets/img/shape/leaf-2.png]
[validthemes.net/site-template/agrul/assets/img/shape/39.png]
[validthemes.net/site-template/agrul/assets/img/preloader.gif]
[validthemes.net/site-template/agrul/assets/css/style.css]
[validthemes.net/site-template/agrul/assets/css/unit-test.css]
[validthemes.net/site-template/agrul/style.css]
[validthemes.net/site-template/agrul/assets/fonts/flaticon.svg]
[validthemes.net/site-template/agrul/assets/img/products/1.png]
[validthemes.net/site-template/agrul/assets/img/products/2.png]
[validthemes.net/site-template/agrul/assets/img/banner/25.jpg]
[validthemes.net/site-template/agrul/assets/img/banner/27.jpg]
[validthemes.net/site-template/agrul/assets/img/illustration/badge.png]
[validthemes.net/site-template/agrul/assets/img/product/4.png]
[validthemes.net/site-template/agrul/assets/img/product/8.png]
[validthemes.net/site-template/agrul/assets/img/product/9.png]
[validthemes.net/site-template/agrul/assets/img/about/8.jpg]
[validthemes.net/site-template/agrul/assets/img/banner/16.jpg]
[validthemes.net/site-template/agrul/assets/img/products/3.png]
[validthemes.net/site-template/agrul/assets/img/products/4.png]
[validthemes.net/site-template/agrul/assets/img/products/5.png]
[validthemes.net/site-template/agrul/assets/img/products/6.png]
[validthemes.net/site-template/agrul/assets/img/products/7.png]
[validthemes.net/site-template/agrul/assets/img/products/8.png]
[validthemes.net/site-template/agrul/assets/img/products/2.jpg]
[validthemes.net/site-template/agrul/assets/img/products/1.jpg]
[validthemes.net/site-template/agrul/assets/img/products/3.jpg]
[validthemes.net/site-template/agrul/index-3.html]
[validthemes.net/site-template/agrul/assets/img/logo-mix.png]
[validthemes.net/site-template/agrul/assets/img/banner/22.jpg]
[validthemes.net/site-template/agrul/assets/img/shape/v1.png]
[validthemes.net/site-template/agrul/assets/img/shape/v2.png]
[validthemes.net/site-template/agrul/assets/img/shape/v3.png]
[validthemes.net/site-template/agrul/assets/img/banner/4.jpg]
[validthemes.net/site-template/agrul/assets/img/shape/30.png]
[validthemes.net/site-template/agrul/assets/img/shape/leaf-4.png]
[validthemes.net/site-template/agrul/assets/img/services/2.jpg]
[validthemes.net/site-template/agrul/assets/img/services/1.jpg]
[validthemes.net/site-template/agrul/assets/img/services/3.jpg]
[validthemes.net/site-template/agrul/assets/img/services/4.jpg]
[validthemes.net/site-template/agrul/assets/img/shape/33.png]
[validthemes.net/site-template/agrul/assets/img/shape/16.png]
[validthemes.net/site-template/agrul/assets/img/icon/7.png]
[validthemes.net/site-template/agrul/assets/img/icon/8.png]
[validthemes.net/site-template/agrul/assets/img/shape/35.webp]
[validthemes.net/site-template/agrul/assets/img/shape/36.png]
[validthemes.net/site-template/agrul/index-2.html]
[validthemes.net/site-template/agrul/assets/img/banner/5.jpg]
[validthemes.net/site-template/agrul/about-us.html]
[validthemes.net/site-template/agrul/assets/img/farmers/5.jpg]
[validthemes.net/site-template/agrul/assets/img/farmers/6.jpg]
[validthemes.net/site-template/agrul/team.html]
[validthemes.net/site-template/agrul/assets/img/farmers/7.jpg]
[validthemes.net/site-template/agrul/team-details.html]
[validthemes.net/site-template/agrul/assets/img/banner/18.jpg]
[validthemes.net/site-template/agrul/contact-us.html]
[validthemes.net/site-template/agrul/assets/img/banner/21.jpg]
[validthemes.net/site-template/agrul/faq.html]
[validthemes.net/site-template/agrul/assets/img/banner/26.jpg]
[validthemes.net/site-template/agrul/404.html]
[validthemes.net/site-template/agrul/project.html]
[validthemes.net/site-template/agrul/assets/img/services/44.jpg]
[validthemes.net/site-template/agrul/assets/img/services/22.jpg]
[validthemes.net/site-template/agrul/project-details.html]
[validthemes.net/site-template/agrul/assets/img/clients/1.png]
[validthemes.net/site-template/agrul/assets/img/clients/2.png]
[validthemes.net/site-template/agrul/assets/img/clients/3.png]
[validthemes.net/site-template/agrul/assets/img/clients/4.png]
[validthemes.net/site-template/agrul/assets/img/clients/5.png]
[validthemes.net/site-template/agrul/assets/img/clients/6.png]
[validthemes.net/site-template/agrul/services.html]
[validthemes.net/site-template/agrul/services-2.html]
[validthemes.net/site-template/agrul/assets/img/banner/14.jpg]
[validthemes.net/site-template/agrul/services-details.html]
[validthemes.net/site-template/agrul/assets/img/blog/22.jpg]
[validthemes.net/site-template/agrul/assets/img/blog/11.jpg]
[validthemes.net/site-template/agrul/assets/img/blog/33.jpg]
[validthemes.net/site-template/agrul/blog-standard.html]
[validthemes.net/site-template/agrul/assets/img/thumbs/4.jpg]
[validthemes.net/site-template/agrul/assets/img/thumbs/1.jpg]
[validthemes.net/site-template/agrul/assets/img/thumbs/2.jpg]
[validthemes.net/site-template/agrul/assets/img/thumbs/6.jpg]
[validthemes.net/site-template/agrul/blog-with-sidebar.html]
[validthemes.net/site-template/agrul/assets/img/blog/5.jpg]
[validthemes.net/site-template/agrul/assets/img/blog/4.jpg]
[validthemes.net/site-template/agrul/assets/img/blog/1.jpg]
[validthemes.net/site-template/agrul/assets/img/blog/2.jpg]
[validthemes.net/site-template/agrul/blog-2-colum.html]
[validthemes.net/site-template/agrul/assets/img/blog/3.jpg]
[validthemes.net/site-template/agrul/assets/img/blog/6.jpg]
[validthemes.net/site-template/agrul/blog-3-colum.html]
[validthemes.net/site-template/agrul/$]
[validthemes.net/site-template/agrul/blog-single.html]
[validthemes.net/site-template/agrul/assets/img/banner/15.jpg]
[validthemes.net/site-template/agrul/blog-single-with-sidebar.html]
[validthemes.net/site-template/agrul/shop.html]
[validthemes.net/site-template/agrul/shop-single.html]
[validthemes.net/site-template/agrul/shop-single-thumb-only.html]
[validthemes.net/site-template/agrul/assets/img/icon/1.svg]
[validthemes.net/site-template/agrul/assets/img/icon/2.svg]
[validthemes.net/site-template/agrul/assets/js/jquery-3.6.0.min.js]
[validthemes.net/site-template/agrul/assets/js/bootstrap.bundle.min.js]
[validthemes.net/site-template/agrul/assets/js/jquery.appear.js]
[validthemes.net/site-template/agrul/assets/js/jquery.easing.min.js]
[validthemes.net/site-template/agrul/assets/js/jquery.magnific-popup.min.js]
[validthemes.net/site-template/agrul/assets/js/modernizr.custom.13711.js]
[validthemes.net/site-template/agrul/assets/js/swiper-bundle.min.js]
[validthemes.net/site-template/agrul/assets/js/wow.min.js]
[validthemes.net/site-template/agrul/assets/js/progress-bar.min.js]
[validthemes.net/site-template/agrul/assets/js/circle-progress.js]
[validthemes.net/site-template/agrul/assets/js/isotope.pkgd.min.js]
[validthemes.net/site-template/agrul/assets/js/imagesloaded.pkgd.min.js]
[validthemes.net/site-template/agrul/assets/js/jquery.nice-select.min.js]
[validthemes.net/site-template/agrul/assets/js/count-to.js]
[validthemes.net/site-template/agrul/assets/js/jquery.scrolla.min.js]
[validthemes.net/site-template/agrul/assets/js/YTPlayer.min.js]
[validthemes.net/site-template/agrul/assets/js/TweenMax.min.js]
[validthemes.net/site-template/agrul/assets/js/loopcounter.js]
[validthemes.net/site-template/agrul/assets/js/validnavs.js]
[validthemes.net/site-template/agrul/assets/js/main.js]
[validthemes.net/site-template/agrul/assets/fonts/fa-brands-400.html]
[validthemes.net/site-template/agrul/assets/fonts/fa-brands-400d41d.html]
[validthemes.net/site-template/agrul/assets/fonts/fa-brands-401.html]
[validthemes.net/site-template/agrul/assets/fonts/fa-brands-402.html]
[validthemes.net/site-template/agrul/assets/fonts/fa-duotone-900.html]
[validthemes.net/site-template/agrul/assets/fonts/fa-duotone-900d41d.html]
[validthemes.net/site-template/agrul/assets/fonts/fa-duotone-901.html]
[validthemes.net/site-template/agrul/assets/fonts/fa-duotone-902.html]
[validthemes.net/site-template/agrul/assets/fonts/fa-light-300.html]
[validthemes.net/site-template/agrul/assets/fonts/fa-light-300d41d.html]
[validthemes.net/site-template/agrul/assets/fonts/fa-light-301.html]
[validthemes.net/site-template/agrul/assets/fonts/fa-light-302.html]
[validthemes.net/site-template/agrul/assets/fonts/fa-regular-400.html]
[validthemes.net/site-template/agrul/assets/fonts/fa-regular-400d41d.html]
[validthemes.net/site-template/agrul/assets/fonts/fa-regular-401.html]
[validthemes.net/site-template/agrul/assets/fonts/fa-regular-402.html]
[validthemes.net/site-template/agrul/assets/fonts/fa-solid-900.html]
[validthemes.net/site-template/agrul/assets/fonts/fa-solid-900d41d.html]
[validthemes.net/site-template/agrul/assets/fonts/fa-solid-901.html]
[validthemes.net/site-template/agrul/assets/fonts/fa-solid-902.html]
[validthemes.net/site-template/agrul/assets/fonts/themify9f24.html]
[validthemes.net/site-template/agrul/assets/fonts/themifyd41d.html]
[validthemes.net/site-template/agrul/assets/fonts/themify9f24-2.html]
[validthemes.net/site-template/agrul/assets/fonts/themify9f24-3.html]
[validthemes.net/site-template/agrul/assets/fonts/themify9f24-4.html]
[validthemes.net/site-template/agrul/assets/fonts/ElegantIcons.html]
[validthemes.net/site-template/agrul/assets/fonts/ElegantIcons.svg]
[validthemes.net/site-template/agrul/assets/css/ElegantIcons.html]
[validthemes.net/site-template/agrul/Version/index.html]
[validthemes.net/site-template/agrul/assets/fonts/flaticon.svg]
[validthemes.net/site-template/agrul/assets/css/flaticon.html]
[validthemes.net/site-template/agrul/$.html]
[validthemes.net/site-template/agrul/Version/index.html]
